Archive member included because of file (symbol)

c:/winavr-20100110/bin/../lib/gcc/avr/4.3.3/avr25\libgcc.a(_udivmodqi4.o)
                              C:\Users\DANIEL~1.TAM\AppData\Local\Temp/ccgt6TWI.o (__udivmodqi4)
c:/winavr-20100110/bin/../lib/gcc/avr/4.3.3/avr25\libgcc.a(_prologue.o)
                              C:\Users\DANIEL~1.TAM\AppData\Local\Temp/ccgt6TWI.o (__prologue_saves__)
c:/winavr-20100110/bin/../lib/gcc/avr/4.3.3/avr25\libgcc.a(_epilogue.o)
                              C:\Users\DANIEL~1.TAM\AppData\Local\Temp/ccgt6TWI.o (__epilogue_restores__)
c:/winavr-20100110/bin/../lib/gcc/avr/4.3.3/avr25\libgcc.a(_exit.o)
                              c:/winavr-20100110/bin/../lib/gcc/avr/4.3.3/../../../../avr/lib/avr25/crttn85.o (exit)
c:/winavr-20100110/bin/../lib/gcc/avr/4.3.3/avr25\libgcc.a(_copy_data.o)
                              C:\Users\DANIEL~1.TAM\AppData\Local\Temp/ccgt6TWI.o (__do_copy_data)

Memory Configuration

Name             Origin             Length             Attributes
text             0x00000000         0x00002000         xr
data             0x00800060         0x0000ffa0         rw !x
eeprom           0x00810000         0x00010000         rw !x
fuse             0x00820000         0x00000400         rw !x
lock             0x00830000         0x00000400         rw !x
signature        0x00840000         0x00000400         rw !x
*default*        0x00000000         0xffffffff

Linker script and memory map

LOAD c:/winavr-20100110/bin/../lib/gcc/avr/4.3.3/../../../../avr/lib/avr25/crttn85.o
LOAD C:\Users\DANIEL~1.TAM\AppData\Local\Temp/ccgt6TWI.o
LOAD i2c.o
LOAD c:/winavr-20100110/bin/../lib/gcc/avr/4.3.3/avr25\libgcc.a
LOAD c:/winavr-20100110/bin/../lib/gcc/avr/4.3.3/../../../../avr/lib/avr25\libc.a
LOAD c:/winavr-20100110/bin/../lib/gcc/avr/4.3.3/avr25\libgcc.a

.hash
 *(.hash)

.dynsym
 *(.dynsym)

.dynstr
 *(.dynstr)

.gnu.version
 *(.gnu.version)

.gnu.version_d
 *(.gnu.version_d)

.gnu.version_r
 *(.gnu.version_r)

.rel.init
 *(.rel.init)

.rela.init
 *(.rela.init)

.rel.text
 *(.rel.text)
 *(.rel.text.*)
 *(.rel.gnu.linkonce.t*)

.rela.text
 *(.rela.text)
 *(.rela.text.*)
 *(.rela.gnu.linkonce.t*)

.rel.fini
 *(.rel.fini)

.rela.fini
 *(.rela.fini)

.rel.rodata
 *(.rel.rodata)
 *(.rel.rodata.*)
 *(.rel.gnu.linkonce.r*)

.rela.rodata
 *(.rela.rodata)
 *(.rela.rodata.*)
 *(.rela.gnu.linkonce.r*)

.rel.data
 *(.rel.data)
 *(.rel.data.*)
 *(.rel.gnu.linkonce.d*)

.rela.data
 *(.rela.data)
 *(.rela.data.*)
 *(.rela.gnu.linkonce.d*)

.rel.ctors
 *(.rel.ctors)

.rela.ctors
 *(.rela.ctors)

.rel.dtors
 *(.rel.dtors)

.rela.dtors
 *(.rela.dtors)

.rel.got
 *(.rel.got)

.rela.got
 *(.rela.got)

.rel.bss
 *(.rel.bss)

.rela.bss
 *(.rela.bss)

.rel.plt
 *(.rel.plt)

.rela.plt
 *(.rela.plt)

.text           0x00000000      0x382
 *(.vectors)
 .vectors       0x00000000       0x1e c:/winavr-20100110/bin/../lib/gcc/avr/4.3.3/../../../../avr/lib/avr25/crttn85.o
                0x00000000                __vectors
                0x00000000                __vector_default
 *(.vectors)
 *(.progmem.gcc*)
 *(.progmem*)
                0x0000001e                . = ALIGN (0x2)
                0x0000001e                __trampolines_start = .
 *(.trampolines)
 .trampolines   0x0000001e        0x0 linker stubs
 *(.trampolines*)
                0x0000001e                __trampolines_end = .
 *(.jumptables)
 *(.jumptables*)
 *(.lowtext)
 *(.lowtext*)
                0x0000001e                __ctors_start = .
 *(.ctors)
                0x0000001e                __ctors_end = .
                0x0000001e                __dtors_start = .
 *(.dtors)
                0x0000001e                __dtors_end = .
 SORT(*)(.ctors)
 SORT(*)(.dtors)
 *(.init0)
 .init0         0x0000001e        0x0 c:/winavr-20100110/bin/../lib/gcc/avr/4.3.3/../../../../avr/lib/avr25/crttn85.o
                0x0000001e                __init
 *(.init0)
 *(.init1)
 *(.init1)
 *(.init2)
 .init2         0x0000001e        0xc c:/winavr-20100110/bin/../lib/gcc/avr/4.3.3/../../../../avr/lib/avr25/crttn85.o
 *(.init2)
 *(.init3)
 *(.init3)
 *(.init4)
 .init4         0x0000002a       0x16 c:/winavr-20100110/bin/../lib/gcc/avr/4.3.3/avr25\libgcc.a(_copy_data.o)
                0x0000002a                __do_copy_data
 *(.init4)
 *(.init5)
 *(.init5)
 *(.init6)
 *(.init6)
 *(.init7)
 *(.init7)
 *(.init8)
 *(.init8)
 *(.init9)
 .init9         0x00000040        0x4 c:/winavr-20100110/bin/../lib/gcc/avr/4.3.3/../../../../avr/lib/avr25/crttn85.o
 *(.init9)
 *(.text)
 .text          0x00000044        0x2 c:/winavr-20100110/bin/../lib/gcc/avr/4.3.3/../../../../avr/lib/avr25/crttn85.o
                0x00000044                __vector_1
                0x00000044                __vector_12
                0x00000044                __bad_interrupt
                0x00000044                __vector_6
                0x00000044                __vector_3
                0x00000044                __vector_11
                0x00000044                __vector_13
                0x00000044                __vector_7
                0x00000044                __vector_5
                0x00000044                __vector_4
                0x00000044                __vector_9
                0x00000044                __vector_2
                0x00000044                __vector_8
                0x00000044                __vector_14
                0x00000044                __vector_10
 .text          0x00000046      0x1a0 C:\Users\DANIEL~1.TAM\AppData\Local\Temp/ccgt6TWI.o
                0x000000c4                DisplayWriteDec
                0x0000005a                DisplayOut
                0x000000a0                DisplayWrite
                0x00000046                DisplaySend
                0x0000016e                main
                0x000000f8                DisplayInit
 .text          0x000001e6      0x112 i2c.o
                0x00000280                I2C_Read
                0x0000021a                I2C_Write
                0x000001e6                I2C_Init
                0x00000200                I2C_Start
                0x000002e0                I2C_Stop
 .text          0x000002f8        0x0 c:/winavr-20100110/bin/../lib/gcc/avr/4.3.3/avr25\libgcc.a(_udivmodqi4.o)
 .text          0x000002f8        0x0 c:/winavr-20100110/bin/../lib/gcc/avr/4.3.3/avr25\libgcc.a(_prologue.o)
 .text          0x000002f8        0x0 c:/winavr-20100110/bin/../lib/gcc/avr/4.3.3/avr25\libgcc.a(_epilogue.o)
 .text          0x000002f8        0x0 c:/winavr-20100110/bin/../lib/gcc/avr/4.3.3/avr25\libgcc.a(_exit.o)
 .text          0x000002f8        0x0 c:/winavr-20100110/bin/../lib/gcc/avr/4.3.3/avr25\libgcc.a(_copy_data.o)
                0x000002f8                . = ALIGN (0x2)
 *(.text.*)
 .text.libgcc   0x000002f8       0x18 c:/winavr-20100110/bin/../lib/gcc/avr/4.3.3/avr25\libgcc.a(_udivmodqi4.o)
                0x000002f8                __udivmodqi4
 .text.libgcc   0x00000310       0x38 c:/winavr-20100110/bin/../lib/gcc/avr/4.3.3/avr25\libgcc.a(_prologue.o)
                0x00000310                __prologue_saves__
 .text.libgcc   0x00000348       0x36 c:/winavr-20100110/bin/../lib/gcc/avr/4.3.3/avr25\libgcc.a(_epilogue.o)
                0x00000348                __epilogue_restores__
 .text.libgcc   0x0000037e        0x0 c:/winavr-20100110/bin/../lib/gcc/avr/4.3.3/avr25\libgcc.a(_exit.o)
 .text.libgcc   0x0000037e        0x0 c:/winavr-20100110/bin/../lib/gcc/avr/4.3.3/avr25\libgcc.a(_copy_data.o)
                0x0000037e                . = ALIGN (0x2)
 *(.fini9)
 .fini9         0x0000037e        0x0 c:/winavr-20100110/bin/../lib/gcc/avr/4.3.3/avr25\libgcc.a(_exit.o)
                0x0000037e                exit
                0x0000037e                _exit
 *(.fini9)
 *(.fini8)
 *(.fini8)
 *(.fini7)
 *(.fini7)
 *(.fini6)
 *(.fini6)
 *(.fini5)
 *(.fini5)
 *(.fini4)
 *(.fini4)
 *(.fini3)
 *(.fini3)
 *(.fini2)
 *(.fini2)
 *(.fini1)
 *(.fini1)
 *(.fini0)
 .fini0         0x0000037e        0x4 c:/winavr-20100110/bin/../lib/gcc/avr/4.3.3/avr25\libgcc.a(_exit.o)
 *(.fini0)
                0x00000382                _etext = .

.data           0x00800060       0x16 load address 0x00000382
                0x00800060                PROVIDE (__data_start, .)
 *(.data)
 .data          0x00800060        0x0 c:/winavr-20100110/bin/../lib/gcc/avr/4.3.3/../../../../avr/lib/avr25/crttn85.o
 .data          0x00800060       0x15 C:\Users\DANIEL~1.TAM\AppData\Local\Temp/ccgt6TWI.o
 .data          0x00800075        0x0 i2c.o
 .data          0x00800075        0x0 c:/winavr-20100110/bin/../lib/gcc/avr/4.3.3/avr25\libgcc.a(_udivmodqi4.o)
 .data          0x00800075        0x0 c:/winavr-20100110/bin/../lib/gcc/avr/4.3.3/avr25\libgcc.a(_prologue.o)
 .data          0x00800075        0x0 c:/winavr-20100110/bin/../lib/gcc/avr/4.3.3/avr25\libgcc.a(_epilogue.o)
 .data          0x00800075        0x0 c:/winavr-20100110/bin/../lib/gcc/avr/4.3.3/avr25\libgcc.a(_exit.o)
 .data          0x00800075        0x0 c:/winavr-20100110/bin/../lib/gcc/avr/4.3.3/avr25\libgcc.a(_copy_data.o)
 *(.data*)
 *(.rodata)
 *(.rodata*)
 *(.gnu.linkonce.d*)
                0x00800076                . = ALIGN (0x2)
 *fill*         0x00800075        0x1 00
                0x00800076                _edata = .
                0x00800076                PROVIDE (__data_end, .)

.bss            0x00800076        0x0
                0x00800076                PROVIDE (__bss_start, .)
 *(.bss)
 .bss           0x00800076        0x0 c:/winavr-20100110/bin/../lib/gcc/avr/4.3.3/../../../../avr/lib/avr25/crttn85.o
 .bss           0x00800076        0x0 C:\Users\DANIEL~1.TAM\AppData\Local\Temp/ccgt6TWI.o
 .bss           0x00800076        0x0 i2c.o
 .bss           0x00800076        0x0 c:/winavr-20100110/bin/../lib/gcc/avr/4.3.3/avr25\libgcc.a(_udivmodqi4.o)
 .bss           0x00800076        0x0 c:/winavr-20100110/bin/../lib/gcc/avr/4.3.3/avr25\libgcc.a(_prologue.o)
 .bss           0x00800076        0x0 c:/winavr-20100110/bin/../lib/gcc/avr/4.3.3/avr25\libgcc.a(_epilogue.o)
 .bss           0x00800076        0x0 c:/winavr-20100110/bin/../lib/gcc/avr/4.3.3/avr25\libgcc.a(_exit.o)
 .bss           0x00800076        0x0 c:/winavr-20100110/bin/../lib/gcc/avr/4.3.3/avr25\libgcc.a(_copy_data.o)
 *(.bss*)
 *(COMMON)
                0x00800076                PROVIDE (__bss_end, .)
                0x00000382                __data_load_start = LOADADDR (.data)
                0x00000398                __data_load_end = (__data_load_start + SIZEOF (.data))

.noinit         0x00800076        0x0
                0x00800076                PROVIDE (__noinit_start, .)
 *(.noinit*)
                0x00800076                PROVIDE (__noinit_end, .)
                0x00800076                _end = .
                0x00800076                PROVIDE (__heap_start, .)

.eeprom         0x00810000        0x0
 *(.eeprom*)
                0x00810000                __eeprom_end = .

.fuse
 *(.fuse)
 *(.lfuse)
 *(.hfuse)
 *(.efuse)

.lock
 *(.lock*)

.signature
 *(.signature*)

.stab
 *(.stab)

.stabstr
 *(.stabstr)

.stab.excl
 *(.stab.excl)

.stab.exclstr
 *(.stab.exclstr)

.stab.index
 *(.stab.index)

.stab.indexstr
 *(.stab.indexstr)

.comment
 *(.comment)

.debug
 *(.debug)

.line
 *(.line)

.debug_srcinfo
 *(.debug_srcinfo)

.debug_sfnames
 *(.debug_sfnames)

.debug_aranges  0x00000000       0x40
 *(.debug_aranges)
 .debug_aranges
                0x00000000       0x20 C:\Users\DANIEL~1.TAM\AppData\Local\Temp/ccgt6TWI.o
 .debug_aranges
                0x00000020       0x20 i2c.o

.debug_pubnames
                0x00000000       0xc4
 *(.debug_pubnames)
 .debug_pubnames
                0x00000000       0x6f C:\Users\DANIEL~1.TAM\AppData\Local\Temp/ccgt6TWI.o
 .debug_pubnames
                0x0000006f       0x55 i2c.o

.debug_info     0x00000000      0x881
 *(.debug_info)
 .debug_info    0x00000000      0x402 C:\Users\DANIEL~1.TAM\AppData\Local\Temp/ccgt6TWI.o
 .debug_info    0x00000402      0x47f i2c.o
 *(.gnu.linkonce.wi.*)

.debug_abbrev   0x00000000      0x295
 *(.debug_abbrev)
 .debug_abbrev  0x00000000      0x152 C:\Users\DANIEL~1.TAM\AppData\Local\Temp/ccgt6TWI.o
 .debug_abbrev  0x00000152      0x143 i2c.o

.debug_line     0x00000000      0x672
 *(.debug_line)
 .debug_line    0x00000000      0x30b C:\Users\DANIEL~1.TAM\AppData\Local\Temp/ccgt6TWI.o
 .debug_line    0x0000030b      0x367 i2c.o

.debug_frame    0x00000000       0xd0
 *(.debug_frame)
 .debug_frame   0x00000000       0x70 C:\Users\DANIEL~1.TAM\AppData\Local\Temp/ccgt6TWI.o
 .debug_frame   0x00000070       0x60 i2c.o

.debug_str      0x00000000      0x18a
 *(.debug_str)
 .debug_str     0x00000000      0x115 C:\Users\DANIEL~1.TAM\AppData\Local\Temp/ccgt6TWI.o
                                0x14e (size before relaxing)
 .debug_str     0x00000115       0x75 i2c.o
                                0x161 (size before relaxing)

.debug_loc      0x00000000      0x2f1
 *(.debug_loc)
 .debug_loc     0x00000000      0x220 C:\Users\DANIEL~1.TAM\AppData\Local\Temp/ccgt6TWI.o
 .debug_loc     0x00000220       0xd1 i2c.o

.debug_macinfo
 *(.debug_macinfo)
OUTPUT(i2c_display.o elf32-avr)
LOAD linker stubs

.debug_ranges   0x00000000       0x48
 .debug_ranges  0x00000000       0x48 C:\Users\DANIEL~1.TAM\AppData\Local\Temp/ccgt6TWI.o
